CARD-01 7 []
CARD-02 5 []
CH-01 5 []
CH-02 5 []
CH-03 5 []
CH-04 5 []
CH-05 5 []
CH-06 5 []
CH-07 5 []
CH-08 5 []
CH-09 5 []
CH-10 5 []
CH-11 5 []
CH-12 5 []
CH-13 5 []
CH-14 5 []
CH-15 5 []
CH-16 5 []
CMP-01 4 []
CMP-02 4 []
CMP-03 4 []
CMP-04 4 []
CMP-05 4 []
CMP-06 4 []
CMP-07 4 []
CMP-08 4 []
CODE-01 6 []
CODE-02 8 []
CODE-03 8 []
CODE-04 8 []
CODE-05 7 []
CODE-06 6 []
CODE-07 7 []
CODE-08 6 []
CODE-09 8 []
CODE-10 5 []
CODE-11 8 []
CODE-12 7 []
CODE-13 8 []
CODE-14 7 []
CODE-15 9 []
CODE-16 6 []
CODE-17 10 []
CODE-18 8 []
CODE-19 8 []
CODE-20 8 []
CODE-21 6 []
CODE-22 7 []
CODE-23 9 []
CODE-24 7 []
CODE-25 11 []
DIA-01 8 []
DIA-02 77 []
DIA-03 3 []
DIA-04 4 []
DIA-05 12 []
DIA-06 19 []
DIA-07 56 []
DIA-08 27 []
DIA-09 26 []
DIA-10 4 []
FACT-01 3 []
FACT-02 3 []
FACT-03 3 []
FACT-04 3 []
FACT-05 3 []
FACT-06 3 []
MOCK-01 4 []
MOCK-02 6 []
REF-03 6 []
REF-04 36 []
