AUTHORED CH-01 2 states
AUTHORED CH-02 2 states
AUTHORED CH-03 2 states
AUTHORED CH-04 2 states
AUTHORED CH-05 2 states
AUTHORED CH-06 2 states
AUTHORED CH-07 2 states
AUTHORED CH-08 2 states
AUTHORED CH-09 2 states
AUTHORED CH-10 2 states
AUTHORED CH-11 2 states
AUTHORED CH-12 2 states
AUTHORED CH-13 2 states
AUTHORED CH-14 2 states
AUTHORED CH-15 2 states
AUTHORED CH-16 2 states
AUTHORED CARD-01 4 states
AUTHORED CARD-02 2 states
AUTHORED CODE-01 3 states
AUTHORED CODE-02 5 states
AUTHORED CODE-03 5 states
AUTHORED CODE-04 5 states
AUTHORED CODE-05 4 states
AUTHORED CODE-06 3 states
AUTHORED CODE-07 4 states
AUTHORED CODE-08 3 states
AUTHORED CODE-09 5 states
AUTHORED CODE-10 2 states
AUTHORED CODE-11 5 states
AUTHORED CODE-12 4 states
AUTHORED CODE-13 5 states
AUTHORED CODE-14 4 states
AUTHORED CODE-15 6 states
AUTHORED CODE-16 3 states
AUTHORED CODE-17 6 states
AUTHORED CODE-18 5 states
AUTHORED CODE-19 5 states
AUTHORED CODE-20 5 states
AUTHORED CODE-21 3 states
AUTHORED CODE-22 4 states
AUTHORED CODE-23 6 states
AUTHORED CODE-24 4 states
AUTHORED CODE-25 7 states
AUTHORED CMP-01 1 states
AUTHORED CMP-02 1 states
AUTHORED CMP-03 1 states
AUTHORED CMP-04 1 states
AUTHORED CMP-05 1 states
AUTHORED CMP-06 1 states
AUTHORED CMP-07 1 states
AUTHORED CMP-08 1 states
AUTHORED FACT-01 1 states
AUTHORED FACT-02 1 states
AUTHORED FACT-03 1 states
AUTHORED FACT-04 1 states
AUTHORED FACT-05 1 states
AUTHORED FACT-06 1 states
AUTHORED MOCK-01 1 states
AUTHORED MOCK-02 3 states
AUTHORED REF-03 3 states
AUTHORED REF-04 33 states
AUTHORED DIA-01 5 states
AUTHORED DIA-03 1 states
AUTHORED DIA-04 3 states
AUTHORED DIA-05 8 states
AUTHORED DIA-06 16 states
AUTHORED DIA-07 53 states
AUTHORED DIA-08 23 states
AUTHORED DIA-02 72 states
AUTHORED DIA-09 23 states
AUTHORED DIA-10 1 states
