assets/CH-01/exports/preview.mp4 True
assets/CH-02/exports/preview.mp4 True
assets/CARD-01/exports/preview.mp4 True
assets/CH-03/exports/preview.mp4 True
assets/CH-04/exports/preview.mp4 True
assets/CH-05/exports/preview.mp4 True
assets/CARD-02/exports/preview.mp4 True
assets/CH-08/exports/preview.mp4 True
assets/CH-07/exports/preview.mp4 True
assets/CH-06/exports/preview.mp4 True
assets/CH-10/exports/preview.mp4 True
assets/CH-09/exports/preview.mp4 True
assets/CH-11/exports/preview.mp4 True
assets/CH-13/exports/preview.mp4 True
assets/CH-12/exports/preview.mp4 True
assets/CH-15/exports/preview.mp4 True
assets/CH-14/exports/preview.mp4 True
assets/CH-16/exports/preview.mp4 True
assets/CODE-01/exports/preview.mp4 True
assets/CODE-02/exports/preview.mp4 True
assets/CODE-03/exports/preview.mp4 True
assets/CODE-04/exports/preview.mp4 True
assets/CODE-05/exports/preview.mp4 True
assets/CODE-07/exports/preview.mp4 True
assets/CODE-10/exports/preview.mp4 True
assets/CODE-06/exports/preview.mp4 True
assets/CODE-08/exports/preview.mp4 True
assets/CODE-11/exports/preview.mp4 True
assets/CODE-09/exports/preview.mp4 True
assets/CODE-14/exports/preview.mp4 True
assets/CODE-13/exports/preview.mp4 True
assets/CODE-15/exports/preview.mp4 True
assets/CODE-12/exports/preview.mp4 True
assets/CODE-18/exports/preview.mp4 True
assets/CODE-16/exports/preview.mp4 True
assets/CODE-19/exports/preview.mp4 True
assets/CODE-22/exports/preview.mp4 True
assets/CODE-17/exports/preview.mp4 True
assets/CODE-20/exports/preview.mp4 True
assets/CODE-21/exports/preview.mp4 True
assets/CODE-23/exports/preview.mp4 True
assets/CODE-24/exports/preview.mp4 True
assets/CODE-25/exports/preview.mp4 True
assets/DIA-02/exports/alternating-deal.mp4 True
assets/DIA-01/exports/preview.mp4 True
assets/DIA-02/exports/normal-round.mp4 True
assets/DIA-02/exports/single-war.mp4 True
assets/DIA-04/exports/preview.mp4 True
assets/DIA-02/exports/full-rules.mp4 True
assets/DIA-07/exports/preview.mp4 True
assets/DIA-06/exports/preview.mp4 True
assets/DIA-05/exports/preview.mp4 True
assets/DIA-02/exports/preview.mp4 True
assets/DIA-08/exports/award-to-bottom.mp4 True
assets/DIA-08/exports/preview.mp4 True
assets/MOCK-02/exports/preview.mp4 True
assets/DIA-09/exports/preview.mp4 True
assets/REF-03/exports/preview.mp4 True
assets/DIA-08/exports/single-war-motion.mp4 True
assets/REF-04/exports/preview.mp4 True
PREVIEW_REEL.mp4 True
COMPLETE 61 0
