RENDERED CODE-18
RENDERED CODE-14
RENDERED CODE-16
RENDERED CODE-15
RENDERED CODE-17
RENDERED CODE-19
RENDERED CODE-20
RENDERED CODE-21
RENDERED CODE-22
RENDERED CODE-23
RENDERED CODE-24
RENDERED DIA-03
RENDERED DIA-01
RENDERED CODE-25
RENDERED DIA-04
RENDERED DIA-05
RENDERED DIA-06
RENDERED DIA-10
RENDERED FACT-01
RENDERED FACT-02
RENDERED FACT-03
RENDERED FACT-04
RENDERED FACT-05
RENDERED FACT-06
RENDERED DIA-09
RENDERED DIA-07
RENDERED DIA-08
RENDERED MOCK-02
RENDERED REF-03
RENDERED REF-04
RENDERED DIA-02
